---
source: crates/pichpich/tests/snapshots.rs
expression: "documents[i].format_snapshot_with_enclosing_spans(&mut comment_texts)"
---

// Matrix of test cases for line comments:
// - [top-level, in braces]
// - [paragraph start, NOT paragraph start]
// - [paragraph end, NOT paragraph end]
// - [line start, NOT line start]
//
// So it is a total of 16 cases.

//-----------------------------------------------------------------------------
// ( 1) top-level, paragraph start, paragraph end, line start

// NOTE(def: lc-1-1) aa
  ^^^^^^^^^^^^^^^^^^^^^ enclosing paragraph for NOTE(def: lc-1-1)

//
// NOTE(def: lc-1-2) bb
  ^^^^^^^^^^^^^^^^^^^^^ enclosing paragraph for NOTE(def: lc-1-2)

// NOTE(def: lc-1-3)
  ^^^^^^^^^^^^^^^^^^ enclosing paragraph for NOTE(def: lc-1-3)
//

//
// NOTE(def: lc-1-4)
  ^^^^^^^^^^^^^^^^^^ enclosing paragraph for NOTE(def: lc-1-4)
//

//-----------------------------------------------------------------------------
// ( 2) top-level, paragraph start, paragraph end, NOT line start

// This is NOTE(def: lc-2-1) aa
  ^^^^^^^^^^^^^^^^^^^^^^^^^^^^^ enclosing paragraph for NOTE(def: lc-2-1)

//
// This is NOTE(def: lc-2-2) bb
  ^^^^^^^^^^^^^^^^^^^^^^^^^^^^^ enclosing paragraph for NOTE(def: lc-2-2)

// This is NOTE(def: lc-2-3)
  ^^^^^^^^^^^^^^^^^^^^^^^^^^ enclosing paragraph for NOTE(def: lc-2-3)
//

//
// This is NOTE(def: lc-2-4)
  ^^^^^^^^^^^^^^^^^^^^^^^^^^ enclosing paragraph for NOTE(def: lc-2-4)
//

//-----------------------------------------------------------------------------
// ( 3) top-level, paragraph start, NOT paragraph end, line start

// NOTE(def: lc-3-1) aa
  ^ start enclosing paragraph for NOTE(def: lc-3-1)
// Blah blah
            ^ end enclosing paragraph for NOTE(def: lc-3-1)

//
// NOTE(def: lc-3-2) bb
  ^ start enclosing paragraph for NOTE(def: lc-3-2)
// Blah blah
            ^ end enclosing paragraph for NOTE(def: lc-3-2)

// NOTE(def: lc-3-3)
  ^ start enclosing paragraph for NOTE(def: lc-3-3)
// Blah blah
            ^ end enclosing paragraph for NOTE(def: lc-3-3)
//

//
// NOTE(def: lc-3-4)
  ^ start enclosing paragraph for NOTE(def: lc-3-4)
// Blah blah
            ^ end enclosing paragraph for NOTE(def: lc-3-4)
//

//-----------------------------------------------------------------------------
// ( 4) top-level, paragraph start, NOT paragraph end, NOT line start

// This is NOTE(def: lc-4-1) aa
  ^ start enclosing paragraph for NOTE(def: lc-4-1)
// Blah blah
            ^ end enclosing paragraph for NOTE(def: lc-4-1)

//
// This is NOTE(def: lc-4-2) bb
  ^ start enclosing paragraph for NOTE(def: lc-4-2)
// Blah blah
            ^ end enclosing paragraph for NOTE(def: lc-4-2)

// This is NOTE(def: lc-4-3)
  ^ start enclosing paragraph for NOTE(def: lc-4-3)
// Blah blah
            ^ end enclosing paragraph for NOTE(def: lc-4-3)
//

//
// This is NOTE(def: lc-4-4)
  ^ start enclosing paragraph for NOTE(def: lc-4-4)
// Blah blah
            ^ end enclosing paragraph for NOTE(def: lc-4-4)
//

//-----------------------------------------------------------------------------
// ( 5) top-level, NOT paragraph start, paragraph end, line start

// Blah blah
  ^ start enclosing paragraph for NOTE(def: lc-5-1)
// NOTE(def: lc-5-1) aa
                       ^ end enclosing paragraph for NOTE(def: lc-5-1)

//
// Blah blah
  ^ start enclosing paragraph for NOTE(def: lc-5-2)
// NOTE(def: lc-5-2) bb
                       ^ end enclosing paragraph for NOTE(def: lc-5-2)

// Blah blah
  ^ start enclosing paragraph for NOTE(def: lc-5-3)
// NOTE(def: lc-5-3)
                    ^ end enclosing paragraph for NOTE(def: lc-5-3)
//

//
// Blah blah
  ^ start enclosing paragraph for NOTE(def: lc-5-4)
// NOTE(def: lc-5-4)
                    ^ end enclosing paragraph for NOTE(def: lc-5-4)
//

//-----------------------------------------------------------------------------
// ( 6) top-level, NOT paragraph start, paragraph end, NOT line start

// Blah blah
  ^ start enclosing paragraph for NOTE(def: lc-6-1)
// This is NOTE(def: lc-6-1) aa
                               ^ end enclosing paragraph for NOTE(def: lc-6-1)

//
// Blah blah
  ^ start enclosing paragraph for NOTE(def: lc-6-2)
// This is NOTE(def: lc-6-2) bb
                               ^ end enclosing paragraph for NOTE(def: lc-6-2)

// Blah blah
  ^ start enclosing paragraph for NOTE(def: lc-6-3)
// This is NOTE(def: lc-6-3)
                            ^ end enclosing paragraph for NOTE(def: lc-6-3)
//

//
// Blah blah
  ^ start enclosing paragraph for NOTE(def: lc-6-4)
// This is NOTE(def: lc-6-4)
                            ^ end enclosing paragraph for NOTE(def: lc-6-4)
//

//-----------------------------------------------------------------------------
// ( 7) top-level, NOT paragraph start, NOT paragraph end, line start

// Blah blah
  ^ start enclosing paragraph for NOTE(def: lc-7-1)
// NOTE(def: lc-7-1) aa
// Even more blah blah
                      ^ end enclosing paragraph for NOTE(def: lc-7-1)

//
// Blah blah
  ^ start enclosing paragraph for NOTE(def: lc-7-2)
// NOTE(def: lc-7-2) bb
// Even more blah blah
                      ^ end enclosing paragraph for NOTE(def: lc-7-2)

// Blah blah
  ^ start enclosing paragraph for NOTE(def: lc-7-3)
// NOTE(def: lc-7-3)
// Even more blah blah
                      ^ end enclosing paragraph for NOTE(def: lc-7-3)
//

//
// Blah blah
  ^ start enclosing paragraph for NOTE(def: lc-7-4)
// NOTE(def: lc-7-4)
// Even more blah blah
                      ^ end enclosing paragraph for NOTE(def: lc-7-4)
//

//-----------------------------------------------------------------------------
// ( 8) top-level, NOT paragraph start, NOT paragraph end, NOT line start

// Blah blah
  ^ start enclosing paragraph for NOTE(def: lc-8-1)
// This is NOTE(def: lc-8-1) aa
// Even more blah blah
                      ^ end enclosing paragraph for NOTE(def: lc-8-1)

//
// Blah blah
  ^ start enclosing paragraph for NOTE(def: lc-8-2)
// This is NOTE(def: lc-8-2) bb
// Even more blah blah
                      ^ end enclosing paragraph for NOTE(def: lc-8-2)

// Blah blah
  ^ start enclosing paragraph for NOTE(def: lc-8-3)
// This is NOTE(def: lc-8-3)
// Even more blah blah
                      ^ end enclosing paragraph for NOTE(def: lc-8-3)
//

//
// Blah blah
  ^ start enclosing paragraph for NOTE(def: lc-8-4)
// This is NOTE(def: lc-8-4)
// Even more blah blah
                      ^ end enclosing paragraph for NOTE(def: lc-8-4)
//

//-----------------------------------------------------------------------------
// ( 9) in group, paragraph start, paragraph end, line start

{
  {
    // NOTE(def: lc-9-1) aa
< start enclosing group for NOTE(def: lc-9-1)
< start enclosing group for NOTE(def: lc-9-2)
< start enclosing group for NOTE(def: lc-9-3)
< start enclosing group for NOTE(def: lc-9-4)
      ^^^^^^^^^^^^^^^^^^^^^ enclosing paragraph for NOTE(def: lc-9-1)
    { }
    //
    // NOTE(def: lc-9-2) bb
      ^^^^^^^^^^^^^^^^^^^^^ enclosing paragraph for NOTE(def: lc-9-2)

    // NOTE(def: lc-9-3)
      ^^^^^^^^^^^^^^^^^^ enclosing paragraph for NOTE(def: lc-9-3)
    //
    { {} }
    //
    // NOTE(def: lc-9-4)
      ^^^^^^^^^^^^^^^^^^ enclosing paragraph for NOTE(def: lc-9-4)
    //
  }
  ^ end enclosing group for NOTE(def: lc-9-1)
  ^ end enclosing group for NOTE(def: lc-9-2)
  ^ end enclosing group for NOTE(def: lc-9-3)
  ^ end enclosing group for NOTE(def: lc-9-4)
}

//-----------------------------------------------------------------------------
// (10) in group, paragraph start, paragraph end, NOT line start

{
  {
    // This is NOTE(def: lc-10-1) aa
< start enclosing group for NOTE(def: lc-10-1)
< start enclosing group for NOTE(def: lc-10-2)
< start enclosing group for NOTE(def: lc-10-3)
< start enclosing group for NOTE(def: lc-10-4)
      ^^^^^^^^^^^^^^^^^^^^^^^^^^^^^^ enclosing paragraph for NOTE(def: lc-10-1)
    { }
    //
    // This is NOTE(def: lc-10-2) bb
      ^^^^^^^^^^^^^^^^^^^^^^^^^^^^^^ enclosing paragraph for NOTE(def: lc-10-2)

    // This is NOTE(def: lc-10-3)
      ^^^^^^^^^^^^^^^^^^^^^^^^^^^ enclosing paragraph for NOTE(def: lc-10-3)
    //
    { {} }
    //
    // This is NOTE(def: lc-10-4)
      ^^^^^^^^^^^^^^^^^^^^^^^^^^^ enclosing paragraph for NOTE(def: lc-10-4)
    //
  }
  ^ end enclosing group for NOTE(def: lc-10-1)
  ^ end enclosing group for NOTE(def: lc-10-2)
  ^ end enclosing group for NOTE(def: lc-10-3)
  ^ end enclosing group for NOTE(def: lc-10-4)
}

//-----------------------------------------------------------------------------
// (11) in group, paragraph start, NOT paragraph end, line start

{
  {
    // NOTE(def: lc-11-1) aa
< start enclosing group for NOTE(def: lc-11-1)
< start enclosing group for NOTE(def: lc-11-2)
< start enclosing group for NOTE(def: lc-11-3)
< start enclosing group for NOTE(def: lc-11-4)
      ^ start enclosing paragraph for NOTE(def: lc-11-1)
    // Blah blah
                ^ end enclosing paragraph for NOTE(def: lc-11-1)
    { }
    //
    // NOTE(def: lc-11-2) bb
      ^ start enclosing paragraph for NOTE(def: lc-11-2)
    // Blah blah
                ^ end enclosing paragraph for NOTE(def: lc-11-2)

    // NOTE(def: lc-11-3)
      ^ start enclosing paragraph for NOTE(def: lc-11-3)
    // Blah blah
                ^ end enclosing paragraph for NOTE(def: lc-11-3)
    //
    { {} }
    //
    // NOTE(def: lc-11-4)
      ^ start enclosing paragraph for NOTE(def: lc-11-4)
    // Blah blah
                ^ end enclosing paragraph for NOTE(def: lc-11-4)
    //
  }
  ^ end enclosing group for NOTE(def: lc-11-1)
  ^ end enclosing group for NOTE(def: lc-11-2)
  ^ end enclosing group for NOTE(def: lc-11-3)
  ^ end enclosing group for NOTE(def: lc-11-4)
}

//-----------------------------------------------------------------------------
// (12) in group, paragraph start, NOT paragraph end, NOT line start

{
  {
    // This is NOTE(def: lc-12-1) aa
< start enclosing group for NOTE(def: lc-12-1)
< start enclosing group for NOTE(def: lc-12-2)
< start enclosing group for NOTE(def: lc-12-3)
< start enclosing group for NOTE(def: lc-12-4)
      ^ start enclosing paragraph for NOTE(def: lc-12-1)
    // Blah blah
                ^ end enclosing paragraph for NOTE(def: lc-12-1)
    { }
    //
    // This is NOTE(def: lc-12-2) bb
      ^ start enclosing paragraph for NOTE(def: lc-12-2)
    // Blah blah
                ^ end enclosing paragraph for NOTE(def: lc-12-2)

    // This is NOTE(def: lc-12-3)
      ^ start enclosing paragraph for NOTE(def: lc-12-3)
    // Blah blah
                ^ end enclosing paragraph for NOTE(def: lc-12-3)
    //
    { {} }
    //
    // This is NOTE(def: lc-12-4)
      ^ start enclosing paragraph for NOTE(def: lc-12-4)
    // Blah blah
                ^ end enclosing paragraph for NOTE(def: lc-12-4)
    //
  }
  ^ end enclosing group for NOTE(def: lc-12-1)
  ^ end enclosing group for NOTE(def: lc-12-2)
  ^ end enclosing group for NOTE(def: lc-12-3)
  ^ end enclosing group for NOTE(def: lc-12-4)
}


//-----------------------------------------------------------------------------
// (13) in group, NOT paragraph start, paragraph end, line start

{
  {
    // Blah blah
< start enclosing group for NOTE(def: lc-13-1)
< start enclosing group for NOTE(def: lc-13-2)
< start enclosing group for NOTE(def: lc-13-3)
< start enclosing group for NOTE(def: lc-13-4)
      ^ start enclosing paragraph for NOTE(def: lc-13-1)
    // NOTE(def: lc-13-1) aa
                            ^ end enclosing paragraph for NOTE(def: lc-13-1)
    { }
    //
    // Blah blah
      ^ start enclosing paragraph for NOTE(def: lc-13-2)
    // NOTE(def: lc-13-2) bb
                            ^ end enclosing paragraph for NOTE(def: lc-13-2)

    // Blah blah
      ^ start enclosing paragraph for NOTE(def: lc-13-3)
    // NOTE(def: lc-13-3)
                         ^ end enclosing paragraph for NOTE(def: lc-13-3)
    //
    { {} }
    //
    // Blah blah
      ^ start enclosing paragraph for NOTE(def: lc-13-4)
    // NOTE(def: lc-13-4)
                         ^ end enclosing paragraph for NOTE(def: lc-13-4)
    //
  }
  ^ end enclosing group for NOTE(def: lc-13-1)
  ^ end enclosing group for NOTE(def: lc-13-2)
  ^ end enclosing group for NOTE(def: lc-13-3)
  ^ end enclosing group for NOTE(def: lc-13-4)
}

//-----------------------------------------------------------------------------
// (14) in group, NOT paragraph start, paragraph end, NOT line start

{
  {
    // Blah blah
< start enclosing group for NOTE(def: lc-14-1)
< start enclosing group for NOTE(def: lc-14-2)
< start enclosing group for NOTE(def: lc-14-3)
< start enclosing group for NOTE(def: lc-14-4)
      ^ start enclosing paragraph for NOTE(def: lc-14-1)
    // This is NOTE(def: lc-14-1) aa
                                    ^ end enclosing paragraph for NOTE(def: lc-14-1)
    { }
    //
    // Blah blah
      ^ start enclosing paragraph for NOTE(def: lc-14-2)
    // This is NOTE(def: lc-14-2) bb
                                    ^ end enclosing paragraph for NOTE(def: lc-14-2)

    // Blah blah
      ^ start enclosing paragraph for NOTE(def: lc-14-3)
    // This is NOTE(def: lc-14-3)
                                 ^ end enclosing paragraph for NOTE(def: lc-14-3)
    //
    { {} }
    //
    // Blah blah
      ^ start enclosing paragraph for NOTE(def: lc-14-4)
    // This is NOTE(def: lc-14-4)
                                 ^ end enclosing paragraph for NOTE(def: lc-14-4)
    //
  }
  ^ end enclosing group for NOTE(def: lc-14-1)
  ^ end enclosing group for NOTE(def: lc-14-2)
  ^ end enclosing group for NOTE(def: lc-14-3)
  ^ end enclosing group for NOTE(def: lc-14-4)
}

//-----------------------------------------------------------------------------
// (15) in group, NOT paragraph start, NOT paragraph end, line start

{
  {
    // Blah blah
< start enclosing group for NOTE(def: lc-15-1)
< start enclosing group for NOTE(def: lc-15-2)
< start enclosing group for NOTE(def: lc-15-3)
< start enclosing group for NOTE(def: lc-15-4)
      ^ start enclosing paragraph for NOTE(def: lc-15-1)
    // NOTE(def: lc-15-1) aa
    // Even more blah blah
                          ^ end enclosing paragraph for NOTE(def: lc-15-1)
    { }
    //
    // Blah blah
      ^ start enclosing paragraph for NOTE(def: lc-15-2)
    // NOTE(def: lc-15-2) bb
    // Even more blah blah
                          ^ end enclosing paragraph for NOTE(def: lc-15-2)

    // Blah blah
      ^ start enclosing paragraph for NOTE(def: lc-15-3)
    // NOTE(def: lc-15-3)
    // Even more blah blah
                          ^ end enclosing paragraph for NOTE(def: lc-15-3)
    //
    { {} }
    //
    // Blah blah
      ^ start enclosing paragraph for NOTE(def: lc-15-4)
    // NOTE(def: lc-15-4)
    // Even more blah blah
                          ^ end enclosing paragraph for NOTE(def: lc-15-4)
    //
  }
  ^ end enclosing group for NOTE(def: lc-15-1)
  ^ end enclosing group for NOTE(def: lc-15-2)
  ^ end enclosing group for NOTE(def: lc-15-3)
  ^ end enclosing group for NOTE(def: lc-15-4)
}

//-----------------------------------------------------------------------------
// (16) in group, NOT paragraph start, NOT paragraph end, NOT line start

{
  {
    // Blah blah
< start enclosing group for NOTE(def: lc-8-1)
< start enclosing group for NOTE(def: lc-8-2)
< start enclosing group for NOTE(def: lc-8-3)
< start enclosing group for NOTE(def: lc-8-4)
      ^ start enclosing paragraph for NOTE(def: lc-8-1)
    // This is NOTE(def: lc-8-1) aa
    // Even more blah blah
                          ^ end enclosing paragraph for NOTE(def: lc-8-1)
    { }
    //
    // Blah blah
      ^ start enclosing paragraph for NOTE(def: lc-8-2)
    // This is NOTE(def: lc-8-2) bb
    // Even more blah blah
                          ^ end enclosing paragraph for NOTE(def: lc-8-2)

    // Blah blah
      ^ start enclosing paragraph for NOTE(def: lc-8-3)
    // This is NOTE(def: lc-8-3)
    // Even more blah blah
                          ^ end enclosing paragraph for NOTE(def: lc-8-3)
    //
    { {} }
    //
    // Blah blah
      ^ start enclosing paragraph for NOTE(def: lc-8-4)
    // This is NOTE(def: lc-8-4)
    // Even more blah blah
                          ^ end enclosing paragraph for NOTE(def: lc-8-4)
    //
  }
  ^ end enclosing group for NOTE(def: lc-8-1)
  ^ end enclosing group for NOTE(def: lc-8-2)
  ^ end enclosing group for NOTE(def: lc-8-3)
  ^ end enclosing group for NOTE(def: lc-8-4)
}

